[pairingpayments.kr/index.html]
[backblue.gif]
[fade.gif]
[index.html]
[pairing1522.cafe24.com/wp-content/plugins/contact-form-7/includes/css/styles04dd.css]
[pairing1522.cafe24.com/wp-includes/css/dist/block-library/style.minf049.css]
[pairingpayments.kr/indexd784.html]
[pairing1522.cafe24.com/wp-content/themes/hello-elementor/style.min0875.css]
[pairing1522.cafe24.com/wp-content/themes/hello-elementor/theme.min0875.css]
[pairingpayments.kr/indexa6da.html]
[pairing1522.cafe24.com/wp-content/uploads/elementor/css/post-2722a97a.css]
[pairing1522.cafe24.com/wp-content/plugins/elementor/assets/css/frontend-lite.min1ed5.css]
[pairing1522.cafe24.com/wp-content/plugins/elementor/assets/lib/eicons/css/elementor-icons.min7816.css]
[pairing1522.cafe24.com/wp-content/plugins/elementor-pro/assets/css/frontend-lite.minf43b.css]
[pairing1522.cafe24.com/wp-content/uploads/elementor/css/post-2638f302.css]
[pairing1522.cafe24.com/wp-content/uploads/elementor/css/post-2743e4e0.css]
[pairing1522.cafe24.com/wp-content/uploads/elementor/css/post-27381388.css]
[pairingpayments.kr/index52f0.json]
[pairing1522.cafe24.com/wp-includes/js/jquery/jquery-migrate.mind617.js]
[pairingpayments.kr/indexacdd.json]
[pairingpayments.kr/index6f8d.json]
[pairingpayments.kr/indexd85d.php]
[pairing1522.cafe24.com/wp-includes/js/jquery/jquery.minaf6c.js]
[pairing1522.cafe24.com/wp-content/uploads/2022/05/logo_75.png]
[pairing1522.cafe24.com/wp-content/uploads/2022/05/logo-2.png]
[pairing1522.cafe24.com/wp-content/plugins/elementor-pro/assets/css/widget-nav-menu.min.css]
[pairing1522.cafe24.com/wp-content/uploads/elementor/thumbs/ico-02-pqe83c0bnick8d3g0ymcmlyxuqk7o86z8epwud2emo.png]
[pairingpayments.kr/index9a24.html]
[pairingpayments.kr/index86fd.html]
[pairing1522.cafe24.com/wp-content/uploads/2022/06/002-1024x683.jpg]
[pairing1522.cafe24.com/wp-content/uploads/2022/06/003.jpg]
[pairingpayments.kr/index8e6b.html]
[pairingpayments.kr/index39f7.html]
[pairing1522.cafe24.com/wp-content/uploads/elementor/thumbs/ico-02-1-pqe89knr0ww3b614l5q6oja3ttsxrvytramyjhtbbk.png]
[pairing1522.cafe24.com/wp-content/uploads/elementor/thumbs/flask-pqf9ksyvl7jvkdq9i63ejoma51m0bvtlculr1l8nlg.png]
[pairingpayments.kr/indexe827.html]
[pairing1522.cafe24.com/wp-content/uploads/2022/06/001-1.jpg]
[pairingpayments.kr/index94f0.html]
[pairing1522.cafe24.com/wp-content/uploads/2022/05/logo-w.png]
[pairing1522.cafe24.com/wp-content/plugins/elementor/assets/lib/e-gallery/css/e-gallery.min7359.css]
[pairing1522.cafe24.com/wp-content/plugins/elementor/assets/lib/animations/animations.min1ed5.css]
[pairing1522.cafe24.com/wp-includes/js/dist/vendor/regenerator-runtime.min3937.js]
[pairing1522.cafe24.com/wp-includes/js/dist/vendor/wp-polyfill.min2c7c.js]
[pairing1522.cafe24.com/wp-content/plugins/contact-form-7/includes/js/index04dd.js]
[pairing1522.cafe24.com/wp-content/themes/hello-elementor/assets/js/hello-frontend.min8a54.js]
[pairing1522.cafe24.com/wp-content/plugins/elementor-pro/assets/lib/smartmenus/jquery.smartmenus.minf269.js]
[pairing1522.cafe24.com/wp-content/plugins/elementor/assets/lib/e-gallery/js/e-gallery.min7359.js]
[pairing1522.cafe24.com/wp-content/plugins/elementor-pro/assets/js/webpack-pro.runtime.minf43b.js]
[pairing1522.cafe24.com/wp-content/plugins/elementor/assets/js/webpack.runtime.min1ed5.js]
[pairing1522.cafe24.com/wp-includes/js/dist/hooks.mincbb5.js]
[pairing1522.cafe24.com/wp-content/plugins/elementor/assets/js/frontend-modules.min1ed5.js]
[pairing1522.cafe24.com/wp-includes/js/dist/i18n.min771a.js]
[pairing1522.cafe24.com/wp-content/plugins/elementor/assets/lib/waypoints/waypoints.min05da.js]
[pairing1522.cafe24.com/wp-content/plugins/elementor-pro/assets/js/frontend.minf43b.js]
[pairing1522.cafe24.com/wp-includes/js/jquery/ui/core.min0028.js]
[pairing1522.cafe24.com/wp-content/plugins/elementor/assets/js/frontend.min1ed5.js]
[pairing1522.cafe24.com/wp-content/plugins/elementor-pro/assets/js/elements-handlers.minf43b.js]
[pairingpayments.kr/index.html]
[pairing1522.cafe24.com/wp-includes/css/dist/block-library/style.minf049.css]
[pairing1522.cafe24.com/wp-content/plugins/contact-form-7/includes/css/styles04dd.css]
[pairing1522.cafe24.com/wp-content/themes/hello-elementor/style.min0875.css]
[pairing1522.cafe24.com/wp-content/themes/hello-elementor/theme.min0875.css]
[pairing1522.cafe24.com/wp-content/plugins/elementor/assets/css/frontend-lite.min1ed5.css]
[pairing1522.cafe24.com/wp-content/uploads/elementor/css/post-2722a97a.css]
[pairing1522.cafe24.com/wp-content/plugins/elementor/assets/lib/eicons/css/elementor-icons.min7816.css]
[pairing1522.cafe24.com/wp-content/plugins/elementor-pro/assets/css/frontend-lite.minf43b.css]
[pairing1522.cafe24.com/wp-content/uploads/elementor/css/post-2638f302.css]
[pairing1522.cafe24.com/wp-content/uploads/elementor/css/post-2743e4e0.css]
[pairing1522.cafe24.com/wp-content/uploads/elementor/css/post-27381388.css]
[pairing1522.cafe24.com/wp-content/plugins/elementor-pro/assets/css/widget-nav-menu.min.css]
[pairing1522.cafe24.com/wp-content/plugins/elementor-pro/assets/lib/sticky/jquery.sticky.minf43b.js]
[pairing1522.cafe24.com/wp-content/uploads/elementor/css/post-263115ce.css]
[pairingpayments.kr/indexe3f5.json]
[pairingpayments.kr/indexd6b3.json]
[pairing1522.cafe24.com/wp-content/uploads/elementor/thumbs/v-02-pqgf1a3hja9xka9tth2cqdww66ngs4t7zggzxlh3xc.png]
[pairingpayments.kr/index3942.php]
[pairing1522.cafe24.com/wp-content/uploads/elementor/thumbs/v-03-pqgf1b1bq4b7vw8gnzgzavocrkitztwybl4hevfpr4.png]
[pairing1522.cafe24.com/wp-content/plugins/elementor/assets/css/widget-icon-box.min.css]
[pairing1522.cafe24.com/wp-content/uploads/elementor/thumbs/v_01-pqgf1a3hja9xka9tth2cqdww66ngs4t7zggzxlh3xc.png]
[pairingpayments.kr/index9a24.html]
[pairing1522.cafe24.com/wp-content/uploads/elementor/css/post-2621ef27.css]
[pairingpayments.kr/indexc5f0.json]
[pairingpayments.kr/index270e.json]
[pairing1522.cafe24.com/wp-content/uploads/elementor/thumbs/conversation-pqfarc5yubryx5y451ynvg85tpyxmtoc7dbptc6c1g.png]
[pairingpayments.kr/indexbccd.php]
[pairing1522.cafe24.com/wp-content/uploads/elementor/thumbs/add-user-pqf9ks11rj5iq67qzby4m0ibuv04ppoks9bteqf7s0.png]
[pairing1522.cafe24.com/wp-content/uploads/elementor/thumbs/shop-pqf9kuukc19dp03niv60bhspn0m8cszrsna9ukb19c.png]
[pairing1522.cafe24.com/wp-content/uploads/elementor/thumbs/message-pqf9ktwq5783de50ocrdr0191mqv53w1gimsdacffk.png]
[pairing1522.cafe24.com/wp-content/uploads/elementor/thumbs/monitor-screen-pqf9ktwq5783de50ocrdr0191mqv53w1gimsdacffk.png]
[pairing1522.cafe24.com/wp-content/uploads/elementor/thumbs/hp001-pqfoygumunsfflaakgz87tzog6qhsajsderzuwwuuo.png]
[pairing1522.cafe24.com/wp-content/uploads/elementor/thumbs/dan-pqg1ien4nsp6n5r4cyd0la1rj22x5igg36vlwtdkzs.png]
[pairing1522.cafe24.com/wp-content/uploads/elementor/thumbs/pay03-pqg5cqk1879vn8ns6u3afajhp41xa6en82kwbdsl9c.png]
[pairing1522.cafe24.com/wp-content/uploads/2022/06/del.png]
[pairingpayments.kr/index86fd.html]
[pairing1522.cafe24.com/wp-content/uploads/elementor/css/post-221036ce.css]
[pairing1522.cafe24.com/wp-content/plugins/elementor/assets/lib/font-awesome/css/fontawesome.min52d5.css]
[pairingpayments.kr/index9fc9.json]
[pairingpayments.kr/index548b.json]
[pairing1522.cafe24.com/wp-content/uploads/elementor/thumbs/edit-1-pqel5s8ccs8m86k0d7hdsi23b26w1s66i3p4g4kmes.png]
[pairingpayments.kr/indexbad2.php]
[pairing1522.cafe24.com/wp-content/uploads/elementor/thumbs/phone-call-pqel5u40qgb6veha28amxhl0htxmh6dn6d03eohu2c.png]
[pairing1522.cafe24.com/wp-content/uploads/elementor/thumbs/copy-pqel6xl8pht8f0vxnpcyu7mdg0j1ggqdbsehkavat0.png]
[pairing1522.cafe24.com/wp-content/uploads/elementor/thumbs/padlock-pqel5s8ccs8m86k0d7hdsi23b26w1s66i3p4g4kmes.png]
[pairing1522.cafe24.com/wp-content/uploads/elementor/thumbs/settings-pqel9r3t7lo78wsh6x8obi05lmmojrxdpquxe6os50.png]
[pairing1522.cafe24.com/wp-content/uploads/elementor/thumbs/speaker-pqel5s8ccs8m86k0d7hdsi23b26w1s66i3p4g4kmes.png]
[pairingpayments.kr/index8e6b.html]
[pairing1522.cafe24.com/wp-content/plugins/elementor/assets/css/widget-icon-list.min.css]
[pairing1522.cafe24.com/wp-content/uploads/elementor/css/post-3426c79b.css]
[pairingpayments.kr/indexfded.json]
[pairingpayments.kr/index2590.json]
[pairingpayments.kr/index39f7.html]
[pairing1522.cafe24.com/wp-content/uploads/elementor/thumbs/774-scaled-pqgd33hgct47g2hk6kk3fmmzra9of3or1m5jrpjonc.jpg]
[pairingpayments.kr/index39b3.php]
[pairing1522.cafe24.com/wp-content/uploads/elementor/css/post-3435bbfe.css]
[pairingpayments.kr/indexd6ea.json]
[pairingpayments.kr/indexbd1b.json]
[pairing1522.cafe24.com/wp-content/uploads/elementor/thumbs/ppp-e1655482542679-pqgecv8kd8j5hbh9nmbceg0dddzcchnkczd8593tls.jpg]
[pairingpayments.kr/indexe827.html]
[pairingpayments.kr/indexb1b0.php]
[pairing1522.cafe24.com/wp-content/uploads/elementor/css/post-2613a97c.css]
[pairingpayments.kr/index417f.json]
[pairingpayments.kr/index1f77.json]
[pairingpayments.kr/index94f0.html]
[pairing1522.cafe24.com/wp-content/plugins/elementor/assets/lib/e-gallery/css/e-gallery.min7359.css]
[pairing1522.cafe24.com/wp-content/plugins/elementor/assets/lib/animations/animations.min1ed5.css]
[pairing1522.cafe24.com/wp-content/uploads/2022/06/AdobeStock_379510652-scaled.jpg]
[pairingpayments.kr/indexb8d2.php]
[pairing1522.cafe24.com/wp-content/uploads/elementor/css/post-263115ce.css]
[pairing1522.cafe24.com/wp-content/uploads/2022/06/1200bk-1.png]
[pairingpayments.kr/index0df1.html]
[pairing1522.cafe24.com/wp-content/plugins/elementor/assets/css/widget-icon-box.min.css]
[pairing1522.cafe24.com/wp-content/uploads/2022/06/service_hero-scaled.jpg]
[pairing1522.cafe24.com/wp-content/uploads/2022/06/bk001.png]
[pairing1522.cafe24.com/wp-content/uploads/elementor/css/post-2621ef27.css]
[pairingpayments.kr/indexc6ea.html]
[pairing1522.cafe24.com/wp-content/uploads/2022/06/bk_way-scaled.jpg]
[pairing1522.cafe24.com/wp-content/uploads/elementor/css/post-221036ce.css]
[pairing1522.cafe24.com/wp-content/plugins/elementor/assets/lib/font-awesome/css/fontawesome.min52d5.css]
[pairing1522.cafe24.com/wp-content/plugins/elementor/assets/lib/font-awesome/css/regular.min52d5.css]
[pairingpayments.kr/index6934.html]
[pairing1522.cafe24.com/wp-content/plugins/elementor/assets/css/widget-icon-list.min.css]
[pairing1522.cafe24.com/wp-content/uploads/elementor/css/post-3426c79b.css]
[pairingpayments.kr/index74fd.html]
[pairing1522.cafe24.com/wp-content/uploads/elementor/css/post-3435bbfe.css]
[pairingpayments.kr/index6529.html]
[pairing1522.cafe24.com/wp-content/uploads/2022/06/AdobeStock_299062773-scaled.jpg]
[pairing1522.cafe24.com/wp-content/uploads/elementor/css/post-2613a97c.css]
[pairing1522.cafe24.com/wp-content/plugins/elementor/assets/lib/font-awesome/css/brands.min52d5.css]
[pairingpayments.kr/index815f.html]
